Got it. I've added this client:
  [C] Bob
  [C] Mary Jane (phone: 91234567)
  [C] Chen Wei (email: wei@example.com)
  [C] Dara (phone: 8123 4567) (email: dara@example.com)
Now you have 1 client in the list.
Now you have 4 clients in the list.
Here are your clients:
1.[C] Bob
2.[C] Mary Jane (phone: 91234567)
3.[C] Chen Wei (email: wei@example.com)
4.[C] Dara (phone: 8123 4567) (email: dara@example.com)
