1.[E][ ] same-day later hour (from: 2026-12-01 1400 to: 2026-12-01 1600)
2.[E][ ] day-first same day (from: 18/9/2026 1000am to: 18/9/2026 1200pm)
3.[E][ ] past midnight (from: 2026-12-01 2300 to: 2026-12-02 0100)
4.[E][ ] same date no hours (from: 2026-12-01 to: 2026-12-01)
5.[E][ ] clock only (from: 2pm to: 1pm)
6.[E][ ] free text (from: 7pm at marina to: later that night)
Now you have 6 tasks in the list.
