The Fates know no such date as 32/9/2026. Use a real date, as yyyy-mm-dd, d/m/yyyy or d-m-yyyy.
The Fates know no such date as 31/2/2026. Use a real date, as yyyy-mm-dd, d/m/yyyy or d-m-yyyy.
The Fates know no such date as 2026-02-30. Use a real date, as yyyy-mm-dd, d/m/yyyy or d-m-yyyy.
The Fates know no such date as 13/13/2026. Use a real date, as yyyy-mm-dd, d/m/yyyy or d-m-yyyy.
The Fates know no such date as 29/2/2026. Use a real date, as yyyy-mm-dd, d/m/yyyy or d-m-yyyy.
1.[E][ ] leap (from: 29/2/2024 to: 1/3/2024)
Now you have 1 task in the list.
