Now you have 1 task in the list.
Now you have 2 tasks in the list.
Now you have 3 tasks in the list.
1.[T][ ] read book
2.[D][X] return book (by: Sunday)
3.[E][ ] project meeting (from: Mon 2pm to: 4pm)
OK, I've marked this task as not done yet:
2.[D][ ] return book (by: Sunday)
Got it. I've removed this task:
1.[D][ ] return book (by: Sunday)
2.[E][ ] project meeting (from: Mon 2pm to: 4pm)
