Which labour shall I rank? Use: priority <number> <high|medium|low|none>
No such task in the pantheon. Use: priority <number> <high|medium|low|none>
Now you have 1 task in the list.
Rank it high, medium or low, or none to clear it. Use: priority <number> <high|medium|low|none>
The Fates know only high, medium, low or none. Use: priority <number> <high|medium|low|none>
Noted. I've cleared this task's rank:
  [T][ ] only task
Here are the tasks in your list:
1.[T][ ] only task
